Тут будут находиться названия (в формате исполнитель/трек) треков, которые не удалось скачать.
There will be names (in artist / track format) of tracks that could not be downloaded.
